../Core/Src/main.c:121:6:HAL_CAN_RxFifo0MsgPendingCallback	16	static
../Core/Src/main.c:207:5:main	16	static
../Core/Src/main.c:284:6:SystemClock_Config	88	static
../Core/Src/main.c:331:13:MX_CAN_Init	48	static
../Core/Src/main.c:385:13:MX_I2C1_Init	8	static
../Core/Src/main.c:419:13:MX_RTC_Init	16	static
../Core/Src/main.c:477:13:MX_SPI2_Init	8	static
../Core/Src/main.c:515:13:MX_USART1_UART_Init	8	static
../Core/Src/main.c:548:13:MX_GPIO_Init	40	static
../Core/Src/main.c:601:6:Error_Handler	4	static,ignoring_inline_asm
