../Core/Src/main.c:117:6:HAL_CAN_RxFifo0MsgPendingCallback	16	static
../Core/Src/main.c:203:5:main	16	static
../Core/Src/main.c:280:6:SystemClock_Config	88	static
../Core/Src/main.c:327:13:MX_CAN_Init	48	static
../Core/Src/main.c:381:13:MX_I2C1_Init	8	static
../Core/Src/main.c:415:13:MX_RTC_Init	16	static
../Core/Src/main.c:473:13:MX_SPI2_Init	8	static
../Core/Src/main.c:511:13:MX_USART1_UART_Init	8	static
../Core/Src/main.c:544:13:MX_GPIO_Init	40	static
../Core/Src/main.c:597:6:Error_Handler	4	static,ignoring_inline_asm
