../Core/Src/main.c:73:6:NEXTION_SendText	40	static
../Core/Src/main.c:92:6:NEXTION_SendNumber	24	static
../Core/Src/main.c:100:6:NEXTION_Alert	32	static
../Core/Src/main.c:118:6:procesarReceivedCan	32	static
../Core/Src/main.c:183:6:ledsRevoluciones	32	static
../Core/Src/main.c:213:6:NEXTION_SendPageChange	24	static
../Core/Src/main.c:232:5:main	40	static
../Core/Src/main.c:317:6:SystemClock_Config	88	static
../Core/Src/main.c:364:13:MX_USART1_UART_Init	8	static
../Core/Src/main.c:397:13:MX_USART2_UART_Init	8	static
../Core/Src/main.c:430:13:MX_GPIO_Init	48	static
../Core/Src/main.c:470:6:Error_Handler	4	static,ignoring_inline_asm
