../Core/Src/main.c:74:1:NEXTION_SendText_sin_unidades	24	static
../Core/Src/main.c:82:6:NEXTION_SendText_unidades	40	static
../Core/Src/main.c:90:6:NEXTION_SendNumber	24	static
../Core/Src/main.c:98:6:procesarReceivedCan	32	static
../Core/Src/main.c:152:6:NEXTION_Alert	24	static
../Core/Src/main.c:168:6:ledsRevoluciones	32	static
../Core/Src/main.c:198:6:NEXTION_SendPageChange	24	static
../Core/Src/main.c:217:5:main	16	static
../Core/Src/main.c:315:6:SystemClock_Config	88	static
../Core/Src/main.c:362:13:MX_USART1_UART_Init	8	static
../Core/Src/main.c:395:13:MX_USART2_UART_Init	8	static
../Core/Src/main.c:428:13:MX_GPIO_Init	48	static
../Core/Src/main.c:468:6:Error_Handler	4	static,ignoring_inline_asm
